Run CV for specified metrics: ['ncc', 'psnr', 'mi', 'ssim']
Loaded dataset: 4642
Dataset columns:
['pname', 'patch_id', 'Similarity_Score', 'rdist', 'class3', 'fixed_path', 'warped_path']
  pname          patch_id  ...                                         fixed_path                                        warped_path
0  MIST   89M2100212_9_19  ...  /trinity/home/m.romanov/benchmarking/datasets/...  /trinity/home/m.romanov/benchmarking/datasets/...
1  MIST  89M2100212_10_25  ...  /trinity/home/m.romanov/benchmarking/datasets/...  /trinity/home/m.romanov/benchmarking/datasets/...
2  MIST  89M2100212_10_11  ...  /trinity/home/m.romanov/benchmarking/datasets/...  /trinity/home/m.romanov/benchmarking/datasets/...
3  MIST   12M2102884_9_10  ...  /trinity/home/m.romanov/benchmarking/datasets/...  /trinity/home/m.romanov/benchmarking/datasets/...
4  MIST  15M2102762_15_20  ...  /trinity/home/m.romanov/benchmarking/datasets/...  /trinity/home/m.romanov/benchmarking/datasets/...

[5 rows x 7 columns]

Started nested CV (n_jobs=1):


Test metrics: ['ncc', 'psnr', 'mi', 'ssim']
n_jobs: 1

Caching dataset...
Cached 4642 pairs, 1 WSI
Outer splits:
0 0 4642
1 4642 0
2 4642 0
3 4642 0
4 4642 0

=== Outer fold 1/5 ===
  outer_train: 0 pairs, 0 WSI
  outer_val:   4642 pairs, 1 WSI
  
--- Group: ['ncc', 'psnr', 'mi'] ---
    64 configs
