Анализ файла: /trinity/home/m.romanov/benchmarking/HAPS_v1/results/all_metrics_merged_test.csv
Результаты будут сохранены в: /trinity/home/m.romanov/benchmarking/HAPS_v1/analysis
Автоматически найдены метрики: ['lpips_mist_mpp1.0112_downsample', 'lpips_mist_mpp1.0112_full', 'lpips_mist_mpp1.0112_patches', 'ncc_mist_mpp1.0112_downsample', 'ncc_mist_mpp1.0112_full', 'ncc_mist_mpp1.0112_patches']

Метрики для анализа (6):
  - lpips_mist_mpp1.0112_downsample
  - lpips_mist_mpp1.0112_full
  - lpips_mist_mpp1.0112_patches
  - ncc_mist_mpp1.0112_downsample
  - ncc_mist_mpp1.0112_full
  - ncc_mist_mpp1.0112_patches
Используется колонка классов: 'class3'
Уникальные значения классов: [0, 1, 2]
Количество классов: 3
Распределение классов:
  Класс 0: 13 записей (4.9%)
  Класс 1: 120 записей (45.1%)
  Класс 2: 133 записей (50.0%)

Для 2-классовой классификации: классы 0 и 1 объединены в 0, класс 2 -> 1
  Класс 0 (good+norm): 133 записей
  Класс 1 (other): 133 записей

============================================================
РАСЧЁТ AUC
============================================================

────────────────────────────────────────
Метрика: lpips_mist_mpp1.0112_downsample
  Mean ± Std: 0.6198 ± 0.0493

  3-классовая классификация:
   AUC для пары 0 vs 1: 0.5795
   AUC для пары 0 vs 2: 0.6385
   AUC для пары 1 vs 2: 0.5680
  → Macro-AUC (3 класса): 0.5954

  2-классовая классификация:
  → AUC (2 класса): 0.5749

────────────────────────────────────────
Метрика: lpips_mist_mpp1.0112_full
  Mean ± Std: 0.6198 ± 0.0493

  3-классовая классификация:
   AUC для пары 0 vs 1: 0.5795
   AUC для пары 0 vs 2: 0.6385
   AUC для пары 1 vs 2: 0.5680
  → Macro-AUC (3 класса): 0.5954

  2-классовая классификация:
  → AUC (2 класса): 0.5749

────────────────────────────────────────
Метрика: lpips_mist_mpp1.0112_patches
  Mean ± Std: 0.5699 ± 0.0474

  3-классовая классификация:
   AUC для пары 0 vs 1: 0.6846
   AUC для пары 0 vs 2: 0.7889
   AUC для пары 1 vs 2: 0.6387
  → Macro-AUC (3 класса): 0.7041

  2-классовая классификация:
  → AUC (2 класса): 0.6534

────────────────────────────────────────
Метрика: ncc_mist_mpp1.0112_downsample
  Mean ± Std: 0.1267 ± 0.1098

  3-классовая классификация:
[INFO] Обнаружена отрицательная корреляция (-0.403). Инвертируем метрику.
   AUC для пары 0 vs 1: 0.4872
   AUC для пары 0 vs 2: 0.7409
   AUC для пары 1 vs 2: 0.7380
  → Macro-AUC (3 класса): 0.6554

  2-классовая классификация:
[INFO] Обнаружена отрицательная корреляция (-0.413). Инвертируем метрику.
  → AUC (2 класса): 0.7383

────────────────────────────────────────
Метрика: ncc_mist_mpp1.0112_full
  Mean ± Std: 0.1267 ± 0.1098

  3-классовая классификация:
[INFO] Обнаружена отрицательная корреляция (-0.403). Инвертируем метрику.
   AUC для пары 0 vs 1: 0.4872
   AUC для пары 0 vs 2: 0.7409
   AUC для пары 1 vs 2: 0.7380
  → Macro-AUC (3 класса): 0.6554

  2-классовая классификация:
[INFO] Обнаружена отрицательная корреляция (-0.413). Инвертируем метрику.
  → AUC (2 класса): 0.7383

────────────────────────────────────────
Метрика: ncc_mist_mpp1.0112_patches
  Mean ± Std: 0.1160 ± 0.1048

  3-классовая классификация:
[INFO] Обнаружена отрицательная корреляция (-0.459). Инвертируем метрику.
   AUC для пары 0 vs 1: 0.5962
   AUC для пары 0 vs 2: 0.8323
   AUC для пары 1 vs 2: 0.7558
  → Macro-AUC (3 класса): 0.7281

  2-классовая классификация:
[INFO] Обнаружена отрицательная корреляция (-0.456). Инвертируем метрику.
  → AUC (2 класса): 0.7632

======================================================================
СВОДНАЯ ТАБЛИЦА AUC
======================================================================
Метрика                                       AUC (3 класса)     AUC (2 класса)    
---------------------------------------------------------------------------------
lpips_mist_mpp1.0112_downsample               0.5954             0.5749            
lpips_mist_mpp1.0112_full                     0.5954             0.5749            
lpips_mist_mpp1.0112_patches                  0.7041             0.6534            
ncc_mist_mpp1.0112_downsample                 0.6554             0.7383            
ncc_mist_mpp1.0112_full                       0.6554             0.7383            
ncc_mist_mpp1.0112_patches                    0.7281             0.7632            

Лучшая метрика (3 класса): ncc_mist_mpp1.0112_patches_3class с AUC = 0.7281
Лучшая метрика (2 класса): ncc_mist_mpp1.0112_patches_2class с AUC = 0.7632

============================================================
ВИЗУАЛИЗАЦИЯ
============================================================
Сохранен боксплот: /trinity/home/m.romanov/benchmarking/HAPS_v1/analysis/boxplots/metrics_boxplots_3class_20260728_233705.png
Сохранен боксплот: /trinity/home/m.romanov/benchmarking/HAPS_v1/analysis/boxplots/metrics_boxplots_2class_20260728_233706.png
Сохранено сравнение AUC: /trinity/home/m.romanov/benchmarking/HAPS_v1/analysis/auc/auc_comparison_20260728_233707.png

Результаты сохранены в: /trinity/home/m.romanov/benchmarking/HAPS_v1/analysis/auc_results.csv
